ℹ  8. Скидання лічильників 
ℹ 
ℹ До скидання:
ℹ [telemetry] uptime: [UPTIME]
  cache: 0 hits, 0 misses ([PCT]%)
  changes: 0 total {}
  fallbacks: 0
ℹ 
ℹ 
ℹ Після скидання:
ℹ [telemetry] uptime: [UPTIME]
  cache: 0 hits, 0 misses ([PCT]%)
  changes: 0 total {}
  fallbacks: 0
ℹ 
ℹ 
ℹ Після 1 запису + 1 читання:
ℹ [telemetry] uptime: [UPTIME]
  cache: 1 hits, 0 misses ([PCT]%)
  changes: 1 total {"set":1}
  fallbacks: 0
ℹ